// Jest Snapshot v1, https://goo.gl/fbAQLP

exports[`POST /graphql should return profile with only an id name 1`] = `
{
  "data": {
    "getProfile": {
      "id": "15f3920f-a56e-4997-9763-09283dfbe36a",
      "name": "seeded profile name",
    },
  },
}
`;
