// Jest Snapshot v1, https://goo.gl/fbAQLP

exports[`GET / should return "Hello world" 1`] = `
{
  "data": {
    "hello": "Hello world",
  },
}
`;
